This file contains any messages produced by compilers while
running configure, to aid debugging if configure makes a mistake.

It was created by gzip configure 1.3.12, which was
generated by GNU Autoconf 2.61.  Invocation command line was

  $ ./configure --prefix=/usr --localstatedir=/private/var --sysconfdir=/private/etc --host=x86_64-apple-darwin19 --build=x86_64-unknown-linux --with-sysroot=/Library/Developer/Platforms/ravynOS.platform/Developer/SDKs/ravynOS.sdk

## --------- ##
## Platform. ##
## --------- ##

hostname = naga
uname -m = x86_64
uname -r = 5.15.0-185-generic
uname -s = Linux
uname -v = #195-Ubuntu SMP Fri Jun 19 17:11:50 UTC 2026

/usr/bin/uname -p = x86_64
/bin/uname -X     = unknown

/bin/arch              = x86_64
/usr/bin/arch -k       = unknown
/usr/convex/getsysinfo = unknown
/usr/bin/hostinfo      = unknown
/bin/machine           = unknown
/usr/bin/oslevel       = unknown
/bin/universe          = unknown

PATH: /Users/zoe/.config/emacs/bin
PATH: /Users/zoe/bin
PATH: /Users/zoe/bin
PATH: /usr/local/sbin
PATH: /usr/local/bin
PATH: /usr/sbin
PATH: /usr/bin
PATH: /sbin
PATH: /bin
PATH: /usr/games
PATH: /usr/local/games
PATH: /snap/bin


## ----------- ##
## Core tests. ##
## ----------- ##

configure:1854: checking for a BSD-compatible install
configure:1910: result: /usr/bin/install -c
configure:1921: checking whether build environment is sane
configure:1964: result: yes
configure:1992: checking for a thread-safe mkdir -p
configure:2031: result: /usr/bin/mkdir -p
configure:2044: checking for gawk
configure:2060: found /usr/bin/gawk
configure:2071: result: gawk
configure:2082: checking whether make sets $(MAKE)
configure:2103: result: yes
configure:2183: checking for x86_64-apple-darwin19-strip
configure:2213: result: no
configure:2223: checking for strip
configure:2239: found /usr/bin/strip
configure:2250: result: strip
configure:2264: WARNING: In the future, Autoconf will not detect cross-tools
whose name does not start with the host triplet.  If you think this
configuration is useful to you, please write to autoconf@gnu.org.
configure:2304: checking for style of include used by make
configure:2332: result: GNU
configure:2362: checking for x86_64-apple-darwin19-gcc
configure:2389: result: /Library/Developer/Toolchains/Default.xctoolchain/usr/bin/clang
configure:2667: checking for C compiler version
configure:2674: /Library/Developer/Toolchains/Default.xctoolchain/usr/bin/clang --version >&5
Apple clang version 17.0.6
Target: x86_64-apple-darwin5.15.0-185-generic
Thread model: posix
InstalledDir: /Library/Developer/Toolchains/Default.xctoolchain/usr/bin
configure:2677: $? = 0
configure:2684: /Library/Developer/Toolchains/Default.xctoolchain/usr/bin/clang -v >&5
Apple clang version 17.0.6
Target: x86_64-apple-darwin5.15.0-185-generic
Thread model: posix
InstalledDir: /Library/Developer/Toolchains/Default.xctoolchain/usr/bin
configure:2687: $? = 0
configure:2694: /Library/Developer/Toolchains/Default.xctoolchain/usr/bin/clang -V >&5
clang: error: argument to '-V' is missing (expected 1 value)
clang: error: no input files
configure:2697: $? = 1
configure:2720: checking for C compiler default output file name
configure:2747: /Library/Developer/Toolchains/Default.xctoolchain/usr/bin/clang --sysroot=/Library/Developer/Platforms/ravynOS.platform/Developer/SDKs/ravynOS.sdk -mmacos-version-min=10.15  --sysroot=/Library/Developer/Platforms/ravynOS.platform/Developer/SDKs/ravynOS.sdk -mmacos-version-min=10.15 -fuse-ld=/Library/Developer/Toolchains/Default.xctoolchain/usr/bin/ld64 conftest.c  >&5
configure:2750: $? = 0
configure:2788: result: a.out
configure:2805: checking whether the C compiler works
configure:2835: result: yes
configure:2842: checking whether we are cross compiling
configure:2844: result: yes
configure:2847: checking for suffix of executables
configure:2854: /Library/Developer/Toolchains/Default.xctoolchain/usr/bin/clang -o conftest --sysroot=/Library/Developer/Platforms/ravynOS.platform/Developer/SDKs/ravynOS.sdk -mmacos-version-min=10.15  --sysroot=/Library/Developer/Platforms/ravynOS.platform/Developer/SDKs/ravynOS.sdk -mmacos-version-min=10.15 -fuse-ld=/Library/Developer/Toolchains/Default.xctoolchain/usr/bin/ld64 conftest.c  >&5
configure:2857: $? = 0
configure:2881: result: 
configure:2887: checking for suffix of object files
configure:2913: /Library/Developer/Toolchains/Default.xctoolchain/usr/bin/clang -c --sysroot=/Library/Developer/Platforms/ravynOS.platform/Developer/SDKs/ravynOS.sdk -mmacos-version-min=10.15  conftest.c >&5
configure:2916: $? = 0
configure:2939: result: o
configure:2943: checking whether we are using the GNU C compiler
configure:2972: /Library/Developer/Toolchains/Default.xctoolchain/usr/bin/clang -c --sysroot=/Library/Developer/Platforms/ravynOS.platform/Developer/SDKs/ravynOS.sdk -mmacos-version-min=10.15  conftest.c >&5
configure:2978: $? = 0
configure:2995: result: yes
configure:3000: checking whether /Library/Developer/Toolchains/Default.xctoolchain/usr/bin/clang accepts -g
configure:3030: /Library/Developer/Toolchains/Default.xctoolchain/usr/bin/clang -c -g  conftest.c >&5
configure:3036: $? = 0
configure:3135: result: yes
configure:3152: checking for /Library/Developer/Toolchains/Default.xctoolchain/usr/bin/clang option to accept ISO C89
configure:3226: /Library/Developer/Toolchains/Default.xctoolchain/usr/bin/clang  -c --sysroot=/Library/Developer/Platforms/ravynOS.platform/Developer/SDKs/ravynOS.sdk -mmacos-version-min=10.15  conftest.c >&5
conftest.c:17:14: warning: a function definition without a prototype is deprecated in all versions of C and is not supported in C2x [-Wdeprecated-non-prototype]
   17 | static char *e (p, i)
      |              ^
1 warning generated.
configure:3232: $? = 0
configure:3255: result: none needed
configure:3275: checking dependency style of /Library/Developer/Toolchains/Default.xctoolchain/usr/bin/clang
configure:3366: result: gcc3
configure:3383: checking for /Library/Developer/Toolchains/Default.xctoolchain/usr/bin/clang option to accept ISO C99
configure:3542: /Library/Developer/Toolchains/Default.xctoolchain/usr/bin/clang  -c --sysroot=/Library/Developer/Platforms/ravynOS.platform/Developer/SDKs/ravynOS.sdk -mmacos-version-min=10.15  conftest.c >&5
configure:3548: $? = 0
configure:3571: result: none needed
configure:3708: checking for /Library/Developer/Toolchains/Default.xctoolchain/usr/bin/clang option to accept ISO Standard C
configure:3717: result: none needed
configure:3725: checking whether /Library/Developer/Toolchains/Default.xctoolchain/usr/bin/clang and cc understand -c and -o together
configure:3760: /Library/Developer/Toolchains/Default.xctoolchain/usr/bin/clang -c conftest.c -o conftest2.o >&5
configure:3763: $? = 0
configure:3769: /Library/Developer/Toolchains/Default.xctoolchain/usr/bin/clang -c conftest.c -o conftest2.o >&5
configure:3772: $? = 0
configure:3783: cc -c conftest.c >&5
configure:3786: $? = 0
configure:3794: cc -c conftest.c -o conftest2.o >&5
configure:3797: $? = 0
configure:3803: cc -c conftest.c -o conftest2.o >&5
configure:3806: $? = 0
configure:3824: result: yes
configure:3855: checking how to run the C preprocessor
configure:3895: /Library/Developer/Toolchains/Default.xctoolchain/usr/bin/clang -E  conftest.c
In file included from conftest.c:11:
In file included from /nest/build/Developer/Platforms/ravynOS.platform/Developer/Toolchains/Default.xctoolchain/usr/lib/clang/17/include/limits.h:21:
/usr/include/limits.h:26:10: fatal error: 'bits/libc-header-start.h' file not found
   26 | #include <bits/libc-header-start.h>
      |          ^~~~~~~~~~~~~~~~~~~~~~~~~~
1 error generated.
configure:3901: $? = 1
configure: failed program was:
| /* confdefs.h.  */
| #define PACKAGE_NAME "gzip"
| #define PACKAGE_TARNAME "gzip"
| #define PACKAGE_VERSION "1.3.12"
| #define PACKAGE_STRING "gzip 1.3.12"
| #define PACKAGE_BUGREPORT "bug-gzip@gnu.org"
| #define PACKAGE "gzip"
| #define VERSION "1.3.12"
| /* end confdefs.h.  */
| #ifdef __STDC__
| # include <limits.h>
| #else
| # include <assert.h>
| #endif
| 		     Syntax error
configure:3895: /Library/Developer/Toolchains/Default.xctoolchain/usr/bin/clang -E  conftest.c
In file included from conftest.c:11:
In file included from /nest/build/Developer/Platforms/ravynOS.platform/Developer/Toolchains/Default.xctoolchain/usr/lib/clang/17/include/limits.h:21:
/usr/include/limits.h:26:10: fatal error: 'bits/libc-header-start.h' file not found
   26 | #include <bits/libc-header-start.h>
      |          ^~~~~~~~~~~~~~~~~~~~~~~~~~
1 error generated.
configure:3901: $? = 1
configure: failed program was:
| /* confdefs.h.  */
| #define PACKAGE_NAME "gzip"
| #define PACKAGE_TARNAME "gzip"
| #define PACKAGE_VERSION "1.3.12"
| #define PACKAGE_STRING "gzip 1.3.12"
| #define PACKAGE_BUGREPORT "bug-gzip@gnu.org"
| #define PACKAGE "gzip"
| #define VERSION "1.3.12"
| /* end confdefs.h.  */
| #ifdef __STDC__
| # include <limits.h>
| #else
| # include <assert.h>
| #endif
| 		     Syntax error
configure:3895: /Library/Developer/Toolchains/Default.xctoolchain/usr/bin/clang -E -traditional-cpp  conftest.c
In file included from conftest.c:13:
In file included from /usr/include/assert.h:35:
In file included from /usr/include/features.h:392:
/usr/include/features-time64.h:20:10: fatal error: 'bits/wordsize.h' file not found
   20 | #include <bits/wordsize.h>
      |          ^~~~~~~~~~~~~~~~~
1 error generated.
configure:3901: $? = 1
configure: failed program was:
| /* confdefs.h.  */
| #define PACKAGE_NAME "gzip"
| #define PACKAGE_TARNAME "gzip"
| #define PACKAGE_VERSION "1.3.12"
| #define PACKAGE_STRING "gzip 1.3.12"
| #define PACKAGE_BUGREPORT "bug-gzip@gnu.org"
| #define PACKAGE "gzip"
| #define VERSION "1.3.12"
| /* end confdefs.h.  */
| #ifdef __STDC__
| # include <limits.h>
| #else
| # include <assert.h>
| #endif
| 		     Syntax error
configure:3895: /Library/Developer/Toolchains/Default.xctoolchain/usr/bin/clang -E -traditional-cpp  conftest.c
In file included from conftest.c:13:
In file included from /usr/include/assert.h:35:
In file included from /usr/include/features.h:392:
/usr/include/features-time64.h:20:10: fatal error: 'bits/wordsize.h' file not found
   20 | #include <bits/wordsize.h>
      |          ^~~~~~~~~~~~~~~~~
1 error generated.
configure:3901: $? = 1
configure: failed program was:
| /* confdefs.h.  */
| #define PACKAGE_NAME "gzip"
| #define PACKAGE_TARNAME "gzip"
| #define PACKAGE_VERSION "1.3.12"
| #define PACKAGE_STRING "gzip 1.3.12"
| #define PACKAGE_BUGREPORT "bug-gzip@gnu.org"
| #define PACKAGE "gzip"
| #define VERSION "1.3.12"
| /* end confdefs.h.  */
| #ifdef __STDC__
| # include <limits.h>
| #else
| # include <assert.h>
| #endif
| 		     Syntax error
configure:3895: /lib/cpp  conftest.c
configure:3901: $? = 0
configure:3932: /lib/cpp  conftest.c
conftest.c:10:10: fatal error: ac_nonexistent.h: No such file or directory
   10 | #include <ac_nonexistent.h>
      |          ^~~~~~~~~~~~~~~~~~
compilation terminated.
configure:3938: $? = 1
configure: failed program was:
| /* confdefs.h.  */
| #define PACKAGE_NAME "gzip"
| #define PACKAGE_TARNAME "gzip"
| #define PACKAGE_VERSION "1.3.12"
| #define PACKAGE_STRING "gzip 1.3.12"
| #define PACKAGE_BUGREPORT "bug-gzip@gnu.org"
| #define PACKAGE "gzip"
| #define VERSION "1.3.12"
| /* end confdefs.h.  */
| #include <ac_nonexistent.h>
configure:3971: result: /lib/cpp
configure:4000: /lib/cpp  conftest.c
configure:4006: $? = 0
configure:4037: /lib/cpp  conftest.c
conftest.c:10:10: fatal error: ac_nonexistent.h: No such file or directory
   10 | #include <ac_nonexistent.h>
      |          ^~~~~~~~~~~~~~~~~~
compilation terminated.
configure:4043: $? = 1
configure: failed program was:
| /* confdefs.h.  */
| #define PACKAGE_NAME "gzip"
| #define PACKAGE_TARNAME "gzip"
| #define PACKAGE_VERSION "1.3.12"
| #define PACKAGE_STRING "gzip 1.3.12"
| #define PACKAGE_BUGREPORT "bug-gzip@gnu.org"
| #define PACKAGE "gzip"
| #define VERSION "1.3.12"
| /* end confdefs.h.  */
| #include <ac_nonexistent.h>
configure:4083: checking for x86_64-apple-darwin19-nm
configure:4113: result: no
configure:4123: checking for nm
configure:4139: found /usr/bin/nm
configure:4150: result: nm
configure:4176: checking whether ln -s works
configure:4180: result: yes
configure:4190: checking for x86_64-apple-darwin19-ranlib
configure:4220: result: no
configure:4230: checking for ranlib
configure:4246: found /usr/bin/ranlib
configure:4257: result: ranlib
configure:4283: checking for a POSIX-compliant shell
configure:4338: result: /bin/sh
configure:4356: checking for grep that handles long lines and -e
configure:4430: result: /usr/bin/grep
configure:4435: checking for egrep
configure:4513: result: /usr/bin/grep -E
configure:4519: checking for AIX
configure:4541: result: no
configure:4547: checking for ANSI C header files
configure:4577: /Library/Developer/Toolchains/Default.xctoolchain/usr/bin/clang -c --sysroot=/Library/Developer/Platforms/ravynOS.platform/Developer/SDKs/ravynOS.sdk -mmacos-version-min=10.15  conftest.c >&5
configure:4583: $? = 0
configure:4711: result: yes
configure:4735: checking for sys/types.h
configure:4756: /Library/Developer/Toolchains/Default.xctoolchain/usr/bin/clang -c --sysroot=/Library/Developer/Platforms/ravynOS.platform/Developer/SDKs/ravynOS.sdk -mmacos-version-min=10.15  conftest.c >&5
configure:4762: $? = 0
configure:4778: result: yes
configure:4735: checking for sys/stat.h
configure:4756: /Library/Developer/Toolchains/Default.xctoolchain/usr/bin/clang -c --sysroot=/Library/Developer/Platforms/ravynOS.platform/Developer/SDKs/ravynOS.sdk -mmacos-version-min=10.15  conftest.c >&5
configure:4762: $? = 0
configure:4778: result: yes
configure:4735: checking for stdlib.h
configure:4756: /Library/Developer/Toolchains/Default.xctoolchain/usr/bin/clang -c --sysroot=/Library/Developer/Platforms/ravynOS.platform/Developer/SDKs/ravynOS.sdk -mmacos-version-min=10.15  conftest.c >&5
configure:4762: $? = 0
configure:4778: result: yes
configure:4735: checking for string.h
configure:4756: /Library/Developer/Toolchains/Default.xctoolchain/usr/bin/clang -c --sysroot=/Library/Developer/Platforms/ravynOS.platform/Developer/SDKs/ravynOS.sdk -mmacos-version-min=10.15  conftest.c >&5
configure:4762: $? = 0
configure:4778: result: yes
configure:4735: checking for memory.h
configure:4756: /Library/Developer/Toolchains/Default.xctoolchain/usr/bin/clang -c --sysroot=/Library/Developer/Platforms/ravynOS.platform/Developer/SDKs/ravynOS.sdk -mmacos-version-min=10.15  conftest.c >&5
configure:4762: $? = 0
configure:4778: result: yes
configure:4735: checking for strings.h
configure:4756: /Library/Developer/Toolchains/Default.xctoolchain/usr/bin/clang -c --sysroot=/Library/Developer/Platforms/ravynOS.platform/Developer/SDKs/ravynOS.sdk -mmacos-version-min=10.15  conftest.c >&5
configure:4762: $? = 0
configure:4778: result: yes
configure:4735: checking for inttypes.h
configure:4756: /Library/Developer/Toolchains/Default.xctoolchain/usr/bin/clang -c --sysroot=/Library/Developer/Platforms/ravynOS.platform/Developer/SDKs/ravynOS.sdk -mmacos-version-min=10.15  conftest.c >&5
configure:4762: $? = 0
configure:4778: result: yes
configure:4735: checking for stdint.h
configure:4756: /Library/Developer/Toolchains/Default.xctoolchain/usr/bin/clang -c --sysroot=/Library/Developer/Platforms/ravynOS.platform/Developer/SDKs/ravynOS.sdk -mmacos-version-min=10.15  conftest.c >&5
configure:4762: $? = 0
configure:4778: result: yes
configure:4735: checking for unistd.h
configure:4756: /Library/Developer/Toolchains/Default.xctoolchain/usr/bin/clang -c --sysroot=/Library/Developer/Platforms/ravynOS.platform/Developer/SDKs/ravynOS.sdk -mmacos-version-min=10.15  conftest.c >&5
configure:4762: $? = 0
configure:4778: result: yes
configure:4800: checking minix/config.h usability
configure:4817: /Library/Developer/Toolchains/Default.xctoolchain/usr/bin/clang -c --sysroot=/Library/Developer/Platforms/ravynOS.platform/Developer/SDKs/ravynOS.sdk -mmacos-version-min=10.15  conftest.c >&5
conftest.c:54:10: fatal error: 'minix/config.h' file not found
   54 | #include <minix/config.h>
      |          ^~~~~~~~~~~~~~~~
1 error generated.
configure:4823: $? = 1
configure: failed program was:
| /* confdefs.h.  */
| #define PACKAGE_NAME "gzip"
| #define PACKAGE_TARNAME "gzip"
| #define PACKAGE_VERSION "1.3.12"
| #define PACKAGE_STRING "gzip 1.3.12"
| #define PACKAGE_BUGREPORT "bug-gzip@gnu.org"
| #define PACKAGE "gzip"
| #define VERSION "1.3.12"
| #define _GNU_SOURCE 1
| #define STDC_HEADERS 1
| #define HAVE_SYS_TYPES_H 1
| #define HAVE_SYS_STAT_H 1
| #define HAVE_STDLIB_H 1
| #define HAVE_STRING_H 1
| #define HAVE_MEMORY_H 1
| #define HAVE_STRINGS_H 1
| #define HAVE_INTTYPES_H 1
| #define HAVE_STDINT_H 1
| #define HAVE_UNISTD_H 1
| /* end confdefs.h.  */
| #include <stdio.h>
| #ifdef HAVE_SYS_TYPES_H
| # include <sys/types.h>
| #endif
| #ifdef HAVE_SYS_STAT_H
| # include <sys/stat.h>
| #endif
| #ifdef STDC_HEADERS
| # include <stdlib.h>
| # include <stddef.h>
| #else
| # ifdef HAVE_STDLIB_H
| #  include <stdlib.h>
| # endif
| #endif
| #ifdef HAVE_STRING_H
| # if !defined STDC_HEADERS && defined HAVE_MEMORY_H
| #  include <memory.h>
| # endif
| # include <string.h>
| #endif
| #ifdef HAVE_STRINGS_H
| # include <strings.h>
| #endif
| #ifdef HAVE_INTTYPES_H
| # include <inttypes.h>
| #endif
| #ifdef HAVE_STDINT_H
| # include <stdint.h>
| #endif
| #ifdef HAVE_UNISTD_H
| # include <unistd.h>
| #endif
| #include <minix/config.h>
configure:4837: result: no
configure:4841: checking minix/config.h presence
configure:4856: /lib/cpp  conftest.c
conftest.c:21:10: fatal error: minix/config.h: No such file or directory
   21 | #include <minix/config.h>
      |          ^~~~~~~~~~~~~~~~
compilation terminated.
configure:4862: $? = 1
configure: failed program was:
| /* confdefs.h.  */
| #define PACKAGE_NAME "gzip"
| #define PACKAGE_TARNAME "gzip"
| #define PACKAGE_VERSION "1.3.12"
| #define PACKAGE_STRING "gzip 1.3.12"
| #define PACKAGE_BUGREPORT "bug-gzip@gnu.org"
| #define PACKAGE "gzip"
| #define VERSION "1.3.12"
| #define _GNU_SOURCE 1
| #define STDC_HEADERS 1
| #define HAVE_SYS_TYPES_H 1
| #define HAVE_SYS_STAT_H 1
| #define HAVE_STDLIB_H 1
| #define HAVE_STRING_H 1
| #define HAVE_MEMORY_H 1
| #define HAVE_STRINGS_H 1
| #define HAVE_INTTYPES_H 1
| #define HAVE_STDINT_H 1
| #define HAVE_UNISTD_H 1
| /* end confdefs.h.  */
| #include <minix/config.h>
configure:4876: result: no
configure:4909: checking for minix/config.h
configure:4916: result: no
configure:4955: checking whether it is safe to define __EXTENSIONS__
configure:4983: /Library/Developer/Toolchains/Default.xctoolchain/usr/bin/clang -c --sysroot=/Library/Developer/Platforms/ravynOS.platform/Developer/SDKs/ravynOS.sdk -mmacos-version-min=10.15  conftest.c >&5
configure:4989: $? = 0
configure:5004: result: yes
configure:5033: checking for special C compiler options needed for large files
configure:5126: result: no
configure:5132: checking for _FILE_OFFSET_BITS value needed for large files
configure:5167: /Library/Developer/Toolchains/Default.xctoolchain/usr/bin/clang -c --sysroot=/Library/Developer/Platforms/ravynOS.platform/Developer/SDKs/ravynOS.sdk -mmacos-version-min=10.15  conftest.c >&5
configure:5173: $? = 0
configure:5241: result: no
configure:5377: checking whether strerror_r is declared
configure:5406: /Library/Developer/Toolchains/Default.xctoolchain/usr/bin/clang -c --sysroot=/Library/Developer/Platforms/ravynOS.platform/Developer/SDKs/ravynOS.sdk -mmacos-version-min=10.15  conftest.c >&5
configure:5412: $? = 0
configure:5427: result: yes
configure:5449: checking for strerror_r
configure:5505: /Library/Developer/Toolchains/Default.xctoolchain/usr/bin/clang -o conftest --sysroot=/Library/Developer/Platforms/ravynOS.platform/Developer/SDKs/ravynOS.sdk -mmacos-version-min=10.15  --sysroot=/Library/Developer/Platforms/ravynOS.platform/Developer/SDKs/ravynOS.sdk -mmacos-version-min=10.15 -fuse-ld=/Library/Developer/Toolchains/Default.xctoolchain/usr/bin/ld64 conftest.c  >&5
configure:5511: $? = 0
configure:5529: result: yes
configure:5539: checking whether strerror_r returns char *
configure:5573: /Library/Developer/Toolchains/Default.xctoolchain/usr/bin/clang -c --sysroot=/Library/Developer/Platforms/ravynOS.platform/Developer/SDKs/ravynOS.sdk -mmacos-version-min=10.15  conftest.c >&5
conftest.c:64:13: error: indirection requires pointer operand ('int' invalid)
   64 |           char x = *strerror_r (0, buf, sizeof buf);
      |                    ^~~~~~~~~~~~~~~~~~~~~~~~~~~~~~~~
conftest.c:65:10: error: incompatible integer to pointer conversion initializing 'char *' with an expression of type 'int' [-Wint-conversion]
   65 |           char *p = strerror_r (0, buf, sizeof buf);
      |                 ^   ~~~~~~~~~~~~~~~~~~~~~~~~~~~~~~~
2 errors generated.
configure:5579: $? = 1
configure: failed program was:
| /* confdefs.h.  */
| #define PACKAGE_NAME "gzip"
| #define PACKAGE_TARNAME "gzip"
| #define PACKAGE_VERSION "1.3.12"
| #define PACKAGE_STRING "gzip 1.3.12"
| #define PACKAGE_BUGREPORT "bug-gzip@gnu.org"
| #define PACKAGE "gzip"
| #define VERSION "1.3.12"
| #define _GNU_SOURCE 1
| #define STDC_HEADERS 1
| #define HAVE_SYS_TYPES_H 1
| #define HAVE_SYS_STAT_H 1
| #define HAVE_STDLIB_H 1
| #define HAVE_STRING_H 1
| #define HAVE_MEMORY_H 1
| #define HAVE_STRINGS_H 1
| #define HAVE_INTTYPES_H 1
| #define HAVE_STDINT_H 1
| #define HAVE_UNISTD_H 1
| #define __EXTENSIONS__ 1
| #define _POSIX_PTHREAD_SEMANTICS 1
| #define _TANDEM_SOURCE 1
| #define HAVE_DECL_STRERROR_R 1
| #define HAVE_STRERROR_R 1
| /* end confdefs.h.  */
| #include <stdio.h>
| #ifdef HAVE_SYS_TYPES_H
| # include <sys/types.h>
| #endif
| #ifdef HAVE_SYS_STAT_H
| # include <sys/stat.h>
| #endif
| #ifdef STDC_HEADERS
| # include <stdlib.h>
| # include <stddef.h>
| #else
| # ifdef HAVE_STDLIB_H
| #  include <stdlib.h>
| # endif
| #endif
| #ifdef HAVE_STRING_H
| # if !defined STDC_HEADERS && defined HAVE_MEMORY_H
| #  include <memory.h>
| # endif
| # include <string.h>
| #endif
| #ifdef HAVE_STRINGS_H
| # include <strings.h>
| #endif
| #ifdef HAVE_INTTYPES_H
| # include <inttypes.h>
| #endif
| #ifdef HAVE_STDINT_H
| # include <stdint.h>
| #endif
| #ifdef HAVE_UNISTD_H
| # include <unistd.h>
| #endif
| int
| main ()
| {
| 
| 	  char buf[100];
| 	  char x = *strerror_r (0, buf, sizeof buf);
| 	  char *p = strerror_r (0, buf, sizeof buf);
| 	  return !p || x;
| 
|   ;
|   return 0;
| }
configure:5655: result: no
configure:5683: checking fcntl.h usability
configure:5700: /Library/Developer/Toolchains/Default.xctoolchain/usr/bin/clang -c --sysroot=/Library/Developer/Platforms/ravynOS.platform/Developer/SDKs/ravynOS.sdk -mmacos-version-min=10.15  conftest.c >&5
configure:5706: $? = 0
configure:5720: result: yes
configure:5724: checking fcntl.h presence
configure:5739: /lib/cpp  conftest.c
configure:5745: $? = 0
configure:5759: result: yes
configure:5792: checking for fcntl.h
configure:5800: result: yes
configure:5683: checking sys/time.h usability
configure:5700: /Library/Developer/Toolchains/Default.xctoolchain/usr/bin/clang -c --sysroot=/Library/Developer/Platforms/ravynOS.platform/Developer/SDKs/ravynOS.sdk -mmacos-version-min=10.15  conftest.c >&5
configure:5706: $? = 0
configure:5720: result: yes
configure:5724: checking sys/time.h presence
configure:5739: /lib/cpp  conftest.c
configure:5745: $? = 0
configure:5759: result: yes
configure:5792: checking for sys/time.h
configure:5800: result: yes
configure:5673: checking for stdlib.h
configure:5679: result: yes
configure:5673: checking for sys/stat.h
configure:5679: result: yes
configure:5683: checking time.h usability
configure:5700: /Library/Developer/Toolchains/Default.xctoolchain/usr/bin/clang -c --sysroot=/Library/Developer/Platforms/ravynOS.platform/Developer/SDKs/ravynOS.sdk -mmacos-version-min=10.15  conftest.c >&5
configure:5706: $? = 0
configure:5720: result: yes
configure:5724: checking time.h presence
configure:5739: /lib/cpp  conftest.c
configure:5745: $? = 0
configure:5759: result: yes
configure:5792: checking for time.h
configure:5800: result: yes
configure:5673: checking for unistd.h
configure:5679: result: yes
configure:5683: checking utime.h usability
configure:5700: /Library/Developer/Toolchains/Default.xctoolchain/usr/bin/clang -c --sysroot=/Library/Developer/Platforms/ravynOS.platform/Developer/SDKs/ravynOS.sdk -mmacos-version-min=10.15  conftest.c >&5
configure:5706: $? = 0
configure:5720: result: yes
configure:5724: checking utime.h presence
configure:5739: /lib/cpp  conftest.c
configure:5745: $? = 0
configure:5759: result: yes
configure:5792: checking for utime.h
configure:5800: result: yes
configure:5683: checking limits.h usability
configure:5700: /Library/Developer/Toolchains/Default.xctoolchain/usr/bin/clang -c --sysroot=/Library/Developer/Platforms/ravynOS.platform/Developer/SDKs/ravynOS.sdk -mmacos-version-min=10.15  conftest.c >&5
configure:5706: $? = 0
configure:5720: result: yes
configure:5724: checking limits.h presence
configure:5739: /lib/cpp  conftest.c
configure:5745: $? = 0
configure:5759: result: yes
configure:5792: checking for limits.h
configure:5800: result: yes
configure:5673: checking for memory.h
configure:5679: result: yes
configure:5832: checking getopt.h usability
configure:5849: /Library/Developer/Toolchains/Default.xctoolchain/usr/bin/clang -c --sysroot=/Library/Developer/Platforms/ravynOS.platform/Developer/SDKs/ravynOS.sdk -mmacos-version-min=10.15  conftest.c >&5
configure:5855: $? = 0
configure:5869: result: yes
configure:5873: checking getopt.h presence
configure:5888: /lib/cpp  conftest.c
configure:5894: $? = 0
configure:5908: result: yes
configure:5941: checking for getopt.h
configure:5949: result: yes
configure:5971: checking for getopt_long_only
configure:6027: /Library/Developer/Toolchains/Default.xctoolchain/usr/bin/clang -o conftest --sysroot=/Library/Developer/Platforms/ravynOS.platform/Developer/SDKs/ravynOS.sdk -mmacos-version-min=10.15  --sysroot=/Library/Developer/Platforms/ravynOS.platform/Developer/SDKs/ravynOS.sdk -mmacos-version-min=10.15 -fuse-ld=/Library/Developer/Toolchains/Default.xctoolchain/usr/bin/ld64 conftest.c  >&5
configure:6033: $? = 0
configure:6051: result: yes
configure:6066: checking whether optreset is declared
configure:6096: /Library/Developer/Toolchains/Default.xctoolchain/usr/bin/clang -c --sysroot=/Library/Developer/Platforms/ravynOS.platform/Developer/SDKs/ravynOS.sdk -mmacos-version-min=10.15  conftest.c >&5
configure:6102: $? = 0
configure:6117: result: yes
configure:6254: checking whether getenv is declared
configure:6283: /Library/Developer/Toolchains/Default.xctoolchain/usr/bin/clang -c --sysroot=/Library/Developer/Platforms/ravynOS.platform/Developer/SDKs/ravynOS.sdk -mmacos-version-min=10.15  conftest.c >&5
configure:6289: $? = 0
configure:6304: result: yes
configure:6322: checking for inline
configure:6348: /Library/Developer/Toolchains/Default.xctoolchain/usr/bin/clang -c --sysroot=/Library/Developer/Platforms/ravynOS.platform/Developer/SDKs/ravynOS.sdk -mmacos-version-min=10.15  conftest.c >&5
configure:6354: $? = 0
configure:6372: result: inline
configure:6393: checking for stdbool.h that conforms to C99
configure:6486: /Library/Developer/Toolchains/Default.xctoolchain/usr/bin/clang -c --sysroot=/Library/Developer/Platforms/ravynOS.platform/Developer/SDKs/ravynOS.sdk -mmacos-version-min=10.15  conftest.c >&5
conftest.c:65:14: warning: address of 's' will always evaluate to 'true' [-Wpointer-bool-conversion]
   65 |           bool e = &s;
      |                ~    ^
conftest.c:108:23: warning: address of array 'p' will always evaluate to 'true' [-Wpointer-bool-conversion]
  108 |                   + !m + !n + !o + !p + !q + !pq);
      |                                    ~^
conftest.c:108:18: warning: address of array 'o' will always evaluate to 'true' [-Wpointer-bool-conversion]
  108 |                   + !m + !n + !o + !p + !q + !pq);
      |                               ~^
conftest.c:108:13: warning: address of array 'n' will always evaluate to 'true' [-Wpointer-bool-conversion]
  108 |                   + !m + !n + !o + !p + !q + !pq);
      |                          ~^
conftest.c:107:53: warning: address of array 'i' will always evaluate to 'true' [-Wpointer-bool-conversion]
  107 |           return (!a + !b + !c + !d + !e + !f + !g + !h + !i + !!j + !k + !!l
      |                                                           ~^
conftest.c:107:48: warning: address of array 'h' will always evaluate to 'true' [-Wpointer-bool-conversion]
  107 |           return (!a + !b + !c + !d + !e + !f + !g + !h + !i + !!j + !k + !!l
      |                                                      ~^
conftest.c:107:43: warning: address of array 'g' will always evaluate to 'true' [-Wpointer-bool-conversion]
  107 |           return (!a + !b + !c + !d + !e + !f + !g + !h + !i + !!j + !k + !!l
      |                                                 ~^
conftest.c:107:38: warning: address of array 'f' will always evaluate to 'true' [-Wpointer-bool-conversion]
  107 |           return (!a + !b + !c + !d + !e + !f + !g + !h + !i + !!j + !k + !!l
      |                                            ~^
conftest.c:107:28: warning: address of array 'd' will always evaluate to 'true' [-Wpointer-bool-conversion]
  107 |           return (!a + !b + !c + !d + !e + !f + !g + !h + !i + !!j + !k + !!l
      |                                  ~^
conftest.c:107:23: warning: address of array 'c' will always evaluate to 'true' [-Wpointer-bool-conversion]
  107 |           return (!a + !b + !c + !d + !e + !f + !g + !h + !i + !!j + !k + !!l
      |                             ~^
conftest.c:107:18: warning: address of array 'b' will always evaluate to 'true' [-Wpointer-bool-conversion]
  107 |           return (!a + !b + !c + !d + !e + !f + !g + !h + !i + !!j + !k + !!l
      |                        ~^
conftest.c:107:13: warning: address of array 'a' will always evaluate to 'true' [-Wpointer-bool-conversion]
  107 |           return (!a + !b + !c + !d + !e + !f + !g + !h + !i + !!j + !k + !!l
      |                   ~^
12 warnings generated.
configure:6492: $? = 0
configure:6507: result: yes
configure:6509: checking for _Bool
configure:6539: /Library/Developer/Toolchains/Default.xctoolchain/usr/bin/clang -c --sysroot=/Library/Developer/Platforms/ravynOS.platform/Developer/SDKs/ravynOS.sdk -mmacos-version-min=10.15  conftest.c >&5
configure:6545: $? = 0
configure:6560: result: yes
configure:6595: checking for lstat
configure:6651: /Library/Developer/Toolchains/Default.xctoolchain/usr/bin/clang -o conftest --sysroot=/Library/Developer/Platforms/ravynOS.platform/Developer/SDKs/ravynOS.sdk -mmacos-version-min=10.15  --sysroot=/Library/Developer/Platforms/ravynOS.platform/Developer/SDKs/ravynOS.sdk -mmacos-version-min=10.15 -fuse-ld=/Library/Developer/Toolchains/Default.xctoolchain/usr/bin/ld64 conftest.c  >&5
configure:6657: $? = 0
configure:6675: result: yes
configure:6595: checking for pipe
configure:6651: /Library/Developer/Toolchains/Default.xctoolchain/usr/bin/clang -o conftest --sysroot=/Library/Developer/Platforms/ravynOS.platform/Developer/SDKs/ravynOS.sdk -mmacos-version-min=10.15  --sysroot=/Library/Developer/Platforms/ravynOS.platform/Developer/SDKs/ravynOS.sdk -mmacos-version-min=10.15 -fuse-ld=/Library/Developer/Toolchains/Default.xctoolchain/usr/bin/ld64 conftest.c  >&5
configure:6657: $? = 0
configure:6675: result: yes
configure:6595: checking for futimes
configure:6651: /Library/Developer/Toolchains/Default.xctoolchain/usr/bin/clang -o conftest --sysroot=/Library/Developer/Platforms/ravynOS.platform/Developer/SDKs/ravynOS.sdk -mmacos-version-min=10.15  --sysroot=/Library/Developer/Platforms/ravynOS.platform/Developer/SDKs/ravynOS.sdk -mmacos-version-min=10.15 -fuse-ld=/Library/Developer/Toolchains/Default.xctoolchain/usr/bin/ld64 conftest.c  >&5
configure:6657: $? = 0
configure:6675: result: yes
configure:6595: checking for futimesat
configure:6651: /Library/Developer/Toolchains/Default.xctoolchain/usr/bin/clang -o conftest --sysroot=/Library/Developer/Platforms/ravynOS.platform/Developer/SDKs/ravynOS.sdk -mmacos-version-min=10.15  --sysroot=/Library/Developer/Platforms/ravynOS.platform/Developer/SDKs/ravynOS.sdk -mmacos-version-min=10.15 -fuse-ld=/Library/Developer/Toolchains/Default.xctoolchain/usr/bin/ld64 conftest.c  >&5
Undefined symbols for architecture x86_64:
  "_futimesat", referenced from:
      _main in conftest-f14a47.o
ld: symbol(s) not found for architecture x86_64
clang: error: linker command failed with exit code 1 (use -v to see invocation)
configure:6657: $? = 1
configure: failed program was:
| /* confdefs.h.  */
| #define PACKAGE_NAME "gzip"
| #define PACKAGE_TARNAME "gzip"
| #define PACKAGE_VERSION "1.3.12"
| #define PACKAGE_STRING "gzip 1.3.12"
| #define PACKAGE_BUGREPORT "bug-gzip@gnu.org"
| #define PACKAGE "gzip"
| #define VERSION "1.3.12"
| #define _GNU_SOURCE 1
| #define STDC_HEADERS 1
| #define HAVE_SYS_TYPES_H 1
| #define HAVE_SYS_STAT_H 1
| #define HAVE_STDLIB_H 1
| #define HAVE_STRING_H 1
| #define HAVE_MEMORY_H 1
| #define HAVE_STRINGS_H 1
| #define HAVE_INTTYPES_H 1
| #define HAVE_STDINT_H 1
| #define HAVE_UNISTD_H 1
| #define __EXTENSIONS__ 1
| #define _POSIX_PTHREAD_SEMANTICS 1
| #define _TANDEM_SOURCE 1
| #define HAVE_DECL_STRERROR_R 1
| #define HAVE_STRERROR_R 1
| #define HAVE_FCNTL_H 1
| #define HAVE_SYS_TIME_H 1
| #define HAVE_STDLIB_H 1
| #define HAVE_SYS_STAT_H 1
| #define HAVE_TIME_H 1
| #define HAVE_UNISTD_H 1
| #define HAVE_UTIME_H 1
| #define HAVE_LIMITS_H 1
| #define HAVE_MEMORY_H 1
| #define HAVE_GETOPT_H 1
| #define HAVE_GETOPT_LONG_ONLY 1
| #define HAVE_DECL_GETENV 1
| #define HAVE__BOOL 1
| #define HAVE_STDBOOL_H 1
| #define HAVE_LSTAT 1
| #define HAVE_PIPE 1
| #define HAVE_FUTIMES 1
| /* end confdefs.h.  */
| /* Define futimesat to an innocuous variant, in case <limits.h> declares futimesat.
|    For example, HP-UX 11i <limits.h> declares gettimeofday.  */
| #define futimesat innocuous_futimesat
| 
| /* System header to define __stub macros and hopefully few prototypes,
|     which can conflict with char futimesat (); below.
|     Prefer <limits.h> to <assert.h> if __STDC__ is defined, since
|     <limits.h> exists even on freestanding compilers.  */
| 
| #ifdef __STDC__
| # include <limits.h>
| #else
| # include <assert.h>
| #endif
| 
| #undef futimesat
| 
| /* Override any GCC internal prototype to avoid an error.
|    Use char because int might match the return type of a GCC
|    builtin and then its argument prototype would still apply.  */
| #ifdef __cplusplus
| extern "C"
| #endif
| char futimesat ();
| /* The GNU C library defines this for functions which it implements
|     to always fail with ENOSYS.  Some functions are actually named
|     something starting with __ and the normal name is an alias.  */
| #if defined __stub_futimesat || defined __stub___futimesat
| choke me
| #endif
| 
| int
| main ()
| {
| return futimesat ();
|   ;
|   return 0;
| }
configure:6675: result: no
configure:6595: checking for chown
configure:6651: /Library/Developer/Toolchains/Default.xctoolchain/usr/bin/clang -o conftest --sysroot=/Library/Developer/Platforms/ravynOS.platform/Developer/SDKs/ravynOS.sdk -mmacos-version-min=10.15  --sysroot=/Library/Developer/Platforms/ravynOS.platform/Developer/SDKs/ravynOS.sdk -mmacos-version-min=10.15 -fuse-ld=/Library/Developer/Toolchains/Default.xctoolchain/usr/bin/ld64 conftest.c  >&5
configure:6657: $? = 0
configure:6675: result: yes
configure:6595: checking for fchmod
configure:6651: /Library/Developer/Toolchains/Default.xctoolchain/usr/bin/clang -o conftest --sysroot=/Library/Developer/Platforms/ravynOS.platform/Developer/SDKs/ravynOS.sdk -mmacos-version-min=10.15  --sysroot=/Library/Developer/Platforms/ravynOS.platform/Developer/SDKs/ravynOS.sdk -mmacos-version-min=10.15 -fuse-ld=/Library/Developer/Toolchains/Default.xctoolchain/usr/bin/ld64 conftest.c  >&5
configure:6657: $? = 0
configure:6675: result: yes
configure:6595: checking for fchown
configure:6651: /Library/Developer/Toolchains/Default.xctoolchain/usr/bin/clang -o conftest --sysroot=/Library/Developer/Platforms/ravynOS.platform/Developer/SDKs/ravynOS.sdk -mmacos-version-min=10.15  --sysroot=/Library/Developer/Platforms/ravynOS.platform/Developer/SDKs/ravynOS.sdk -mmacos-version-min=10.15 -fuse-ld=/Library/Developer/Toolchains/Default.xctoolchain/usr/bin/ld64 conftest.c  >&5
configure:6657: $? = 0
configure:6675: result: yes
configure:6595: checking for fdopendir
configure:6651: /Library/Developer/Toolchains/Default.xctoolchain/usr/bin/clang -o conftest --sysroot=/Library/Developer/Platforms/ravynOS.platform/Developer/SDKs/ravynOS.sdk -mmacos-version-min=10.15  --sysroot=/Library/Developer/Platforms/ravynOS.platform/Developer/SDKs/ravynOS.sdk -mmacos-version-min=10.15 -fuse-ld=/Library/Developer/Toolchains/Default.xctoolchain/usr/bin/ld64 conftest.c  >&5
configure:6657: $? = 0
configure:6675: result: yes
configure:6595: checking for siginterrupt
configure:6651: /Library/Developer/Toolchains/Default.xctoolchain/usr/bin/clang -o conftest --sysroot=/Library/Developer/Platforms/ravynOS.platform/Developer/SDKs/ravynOS.sdk -mmacos-version-min=10.15  --sysroot=/Library/Developer/Platforms/ravynOS.platform/Developer/SDKs/ravynOS.sdk -mmacos-version-min=10.15 -fuse-ld=/Library/Developer/Toolchains/Default.xctoolchain/usr/bin/ld64 conftest.c  >&5
configure:6657: $? = 0
configure:6675: result: yes
configure:6687: checking whether stat file-mode macros are broken
configure:6724: /Library/Developer/Toolchains/Default.xctoolchain/usr/bin/clang -c --sysroot=/Library/Developer/Platforms/ravynOS.platform/Developer/SDKs/ravynOS.sdk -mmacos-version-min=10.15  conftest.c >&5
configure:6730: $? = 0
configure:6745: result: no
configure:6757: checking for C/C++ restrict keyword
configure:6793: /Library/Developer/Toolchains/Default.xctoolchain/usr/bin/clang -c --sysroot=/Library/Developer/Platforms/ravynOS.platform/Developer/SDKs/ravynOS.sdk -mmacos-version-min=10.15  conftest.c >&5
configure:6799: $? = 0
configure:6817: result: restrict
configure:6842: checking absolute name of <sys/time.h>
configure:6866: result: ///usr/include/x86_64-linux-gnu/sys/time.h
configure:6882: checking for struct timeval
configure:6912: /Library/Developer/Toolchains/Default.xctoolchain/usr/bin/clang -c --sysroot=/Library/Developer/Platforms/ravynOS.platform/Developer/SDKs/ravynOS.sdk -mmacos-version-min=10.15  conftest.c >&5
configure:6918: $? = 0
configure:6933: result: yes
configure:6966: checking for struct timespec in <time.h>
configure:6993: /Library/Developer/Toolchains/Default.xctoolchain/usr/bin/clang -c --sysroot=/Library/Developer/Platforms/ravynOS.platform/Developer/SDKs/ravynOS.sdk -mmacos-version-min=10.15  conftest.c >&5
configure:6999: $? = 0
configure:7014: result: yes
configure:7082: checking absolute name of <time.h>
configure:7106: result: ///usr/include/time.h
configure:7138: checking determine whether the utimes function works
configure:7239: result: no
configure:7261: checking for struct utimbuf
configure:7294: /Library/Developer/Toolchains/Default.xctoolchain/usr/bin/clang -c --sysroot=/Library/Developer/Platforms/ravynOS.platform/Developer/SDKs/ravynOS.sdk -mmacos-version-min=10.15  conftest.c >&5
configure:7300: $? = 0
configure:7315: result: yes
configure:7347: checking for error_at_line
configure:7373: /Library/Developer/Toolchains/Default.xctoolchain/usr/bin/clang -o conftest --sysroot=/Library/Developer/Platforms/ravynOS.platform/Developer/SDKs/ravynOS.sdk -mmacos-version-min=10.15  --sysroot=/Library/Developer/Platforms/ravynOS.platform/Developer/SDKs/ravynOS.sdk -mmacos-version-min=10.15 -fuse-ld=/Library/Developer/Toolchains/Default.xctoolchain/usr/bin/ld64 conftest.c  >&5
conftest.c:51:10: fatal error: 'error.h' file not found
   51 | #include <error.h>
      |          ^~~~~~~~~
1 error generated.
configure:7379: $? = 1
configure: failed program was:
| /* confdefs.h.  */
| #define PACKAGE_NAME "gzip"
| #define PACKAGE_TARNAME "gzip"
| #define PACKAGE_VERSION "1.3.12"
| #define PACKAGE_STRING "gzip 1.3.12"
| #define PACKAGE_BUGREPORT "bug-gzip@gnu.org"
| #define PACKAGE "gzip"
| #define VERSION "1.3.12"
| #define _GNU_SOURCE 1
| #define STDC_HEADERS 1
| #define HAVE_SYS_TYPES_H 1
| #define HAVE_SYS_STAT_H 1
| #define HAVE_STDLIB_H 1
| #define HAVE_STRING_H 1
| #define HAVE_MEMORY_H 1
| #define HAVE_STRINGS_H 1
| #define HAVE_INTTYPES_H 1
| #define HAVE_STDINT_H 1
| #define HAVE_UNISTD_H 1
| #define __EXTENSIONS__ 1
| #define _POSIX_PTHREAD_SEMANTICS 1
| #define _TANDEM_SOURCE 1
| #define HAVE_DECL_STRERROR_R 1
| #define HAVE_STRERROR_R 1
| #define HAVE_FCNTL_H 1
| #define HAVE_SYS_TIME_H 1
| #define HAVE_STDLIB_H 1
| #define HAVE_SYS_STAT_H 1
| #define HAVE_TIME_H 1
| #define HAVE_UNISTD_H 1
| #define HAVE_UTIME_H 1
| #define HAVE_LIMITS_H 1
| #define HAVE_MEMORY_H 1
| #define HAVE_GETOPT_H 1
| #define HAVE_GETOPT_LONG_ONLY 1
| #define HAVE_DECL_GETENV 1
| #define HAVE__BOOL 1
| #define HAVE_STDBOOL_H 1
| #define HAVE_LSTAT 1
| #define HAVE_PIPE 1
| #define HAVE_FUTIMES 1
| #define HAVE_CHOWN 1
| #define HAVE_FCHMOD 1
| #define HAVE_FCHOWN 1
| #define HAVE_FDOPENDIR 1
| #define HAVE_SIGINTERRUPT 1
| #define ABSOLUTE_SYS_TIME_H "///usr/include/x86_64-linux-gnu/sys/time.h"
| #define ABSOLUTE_TIME_H "///usr/include/time.h"
| #define HAVE_STRUCT_UTIMBUF 1
| /* end confdefs.h.  */
| #include <error.h>
| int
| main ()
| {
| error_at_line (0, 0, "", 0, "an error occurred");
|   ;
|   return 0;
| }
configure:7396: result: no
configure:7413: checking for working fcntl.h
configure:7512: result: cross-compiling
configure:7535: checking absolute name of <fcntl.h>
configure:7559: result: ///usr/include/fcntl.h
configure:7611: checking whether the compiler generally respects inline
configure:7642: /Library/Developer/Toolchains/Default.xctoolchain/usr/bin/clang -c --sysroot=/Library/Developer/Platforms/ravynOS.platform/Developer/SDKs/ravynOS.sdk -mmacos-version-min=10.15  conftest.c >&5
conftest.c:61:17: error: "inline is not effective"
   61 |                #error "inline is not effective"
      |                 ^
1 error generated.
configure:7648: $? = 1
configure: failed program was:
| /* confdefs.h.  */
| #define PACKAGE_NAME "gzip"
| #define PACKAGE_TARNAME "gzip"
| #define PACKAGE_VERSION "1.3.12"
| #define PACKAGE_STRING "gzip 1.3.12"
| #define PACKAGE_BUGREPORT "bug-gzip@gnu.org"
| #define PACKAGE "gzip"
| #define VERSION "1.3.12"
| #define _GNU_SOURCE 1
| #define STDC_HEADERS 1
| #define HAVE_SYS_TYPES_H 1
| #define HAVE_SYS_STAT_H 1
| #define HAVE_STDLIB_H 1
| #define HAVE_STRING_H 1
| #define HAVE_MEMORY_H 1
| #define HAVE_STRINGS_H 1
| #define HAVE_INTTYPES_H 1
| #define HAVE_STDINT_H 1
| #define HAVE_UNISTD_H 1
| #define __EXTENSIONS__ 1
| #define _POSIX_PTHREAD_SEMANTICS 1
| #define _TANDEM_SOURCE 1
| #define HAVE_DECL_STRERROR_R 1
| #define HAVE_STRERROR_R 1
| #define HAVE_FCNTL_H 1
| #define HAVE_SYS_TIME_H 1
| #define HAVE_STDLIB_H 1
| #define HAVE_SYS_STAT_H 1
| #define HAVE_TIME_H 1
| #define HAVE_UNISTD_H 1
| #define HAVE_UTIME_H 1
| #define HAVE_LIMITS_H 1
| #define HAVE_MEMORY_H 1
| #define HAVE_GETOPT_H 1
| #define HAVE_GETOPT_LONG_ONLY 1
| #define HAVE_DECL_GETENV 1
| #define HAVE__BOOL 1
| #define HAVE_STDBOOL_H 1
| #define HAVE_LSTAT 1
| #define HAVE_PIPE 1
| #define HAVE_FUTIMES 1
| #define HAVE_CHOWN 1
| #define HAVE_FCHMOD 1
| #define HAVE_FCHOWN 1
| #define HAVE_FDOPENDIR 1
| #define HAVE_SIGINTERRUPT 1
| #define ABSOLUTE_SYS_TIME_H "///usr/include/x86_64-linux-gnu/sys/time.h"
| #define ABSOLUTE_TIME_H "///usr/include/time.h"
| #define HAVE_STRUCT_UTIMBUF 1
| #define HAVE_WORKING_O_NOATIME 0
| #define HAVE_WORKING_O_NOFOLLOW 0
| #define ABSOLUTE_FCNTL_H "///usr/include/fcntl.h"
| #define GNULIB_FCNTL_SAFER 1
| #define __GETOPT_PREFIX rpl_
| /* end confdefs.h.  */
| 
| int
| main ()
| {
| #ifdef __NO_INLINE__
|                #error "inline is not effective"
|              #endif
|   ;
|   return 0;
| }
configure:7665: result: no
configure:7685: checking for struct stat.st_atim.tv_nsec
configure:7715: /Library/Developer/Toolchains/Default.xctoolchain/usr/bin/clang -c --sysroot=/Library/Developer/Platforms/ravynOS.platform/Developer/SDKs/ravynOS.sdk -mmacos-version-min=10.15  conftest.c >&5
conftest.c:63:13: error: no member named 'st_atim' in 'struct stat'
   63 | if (ac_aggr.st_atim.tv_nsec)
      |     ~~~~~~~ ^
1 error generated.
configure:7721: $? = 1
configure: failed program was:
| /* confdefs.h.  */
| #define PACKAGE_NAME "gzip"
| #define PACKAGE_TARNAME "gzip"
| #define PACKAGE_VERSION "1.3.12"
| #define PACKAGE_STRING "gzip 1.3.12"
| #define PACKAGE_BUGREPORT "bug-gzip@gnu.org"
| #define PACKAGE "gzip"
| #define VERSION "1.3.12"
| #define _GNU_SOURCE 1
| #define STDC_HEADERS 1
| #define HAVE_SYS_TYPES_H 1
| #define HAVE_SYS_STAT_H 1
| #define HAVE_STDLIB_H 1
| #define HAVE_STRING_H 1
| #define HAVE_MEMORY_H 1
| #define HAVE_STRINGS_H 1
| #define HAVE_INTTYPES_H 1
| #define HAVE_STDINT_H 1
| #define HAVE_UNISTD_H 1
| #define __EXTENSIONS__ 1
| #define _POSIX_PTHREAD_SEMANTICS 1
| #define _TANDEM_SOURCE 1
| #define HAVE_DECL_STRERROR_R 1
| #define HAVE_STRERROR_R 1
| #define HAVE_FCNTL_H 1
| #define HAVE_SYS_TIME_H 1
| #define HAVE_STDLIB_H 1
| #define HAVE_SYS_STAT_H 1
| #define HAVE_TIME_H 1
| #define HAVE_UNISTD_H 1
| #define HAVE_UTIME_H 1
| #define HAVE_LIMITS_H 1
| #define HAVE_MEMORY_H 1
| #define HAVE_GETOPT_H 1
| #define HAVE_GETOPT_LONG_ONLY 1
| #define HAVE_DECL_GETENV 1
| #define HAVE__BOOL 1
| #define HAVE_STDBOOL_H 1
| #define HAVE_LSTAT 1
| #define HAVE_PIPE 1
| #define HAVE_FUTIMES 1
| #define HAVE_CHOWN 1
| #define HAVE_FCHMOD 1
| #define HAVE_FCHOWN 1
| #define HAVE_FDOPENDIR 1
| #define HAVE_SIGINTERRUPT 1
| #define ABSOLUTE_SYS_TIME_H "///usr/include/x86_64-linux-gnu/sys/time.h"
| #define ABSOLUTE_TIME_H "///usr/include/time.h"
| #define HAVE_STRUCT_UTIMBUF 1
| #define HAVE_WORKING_O_NOATIME 0
| #define HAVE_WORKING_O_NOFOLLOW 0
| #define ABSOLUTE_FCNTL_H "///usr/include/fcntl.h"
| #define GNULIB_FCNTL_SAFER 1
| #define __GETOPT_PREFIX rpl_
| /* end confdefs.h.  */
| #include <sys/types.h>
|      #include <sys/stat.h>
| 
| int
| main ()
| {
| static struct stat ac_aggr;
| if (ac_aggr.st_atim.tv_nsec)
| return 0;
|   ;
|   return 0;
| }
configure:7756: /Library/Developer/Toolchains/Default.xctoolchain/usr/bin/clang -c --sysroot=/Library/Developer/Platforms/ravynOS.platform/Developer/SDKs/ravynOS.sdk -mmacos-version-min=10.15  conftest.c >&5
conftest.c:63:20: error: no member named 'st_atim' in 'struct stat'
   63 | if (sizeof ac_aggr.st_atim.tv_nsec)
      |            ~~~~~~~ ^
1 error generated.
configure:7762: $? = 1
configure: failed program was:
| /* confdefs.h.  */
| #define PACKAGE_NAME "gzip"
| #define PACKAGE_TARNAME "gzip"
| #define PACKAGE_VERSION "1.3.12"
| #define PACKAGE_STRING "gzip 1.3.12"
| #define PACKAGE_BUGREPORT "bug-gzip@gnu.org"
| #define PACKAGE "gzip"
| #define VERSION "1.3.12"
| #define _GNU_SOURCE 1
| #define STDC_HEADERS 1
| #define HAVE_SYS_TYPES_H 1
| #define HAVE_SYS_STAT_H 1
| #define HAVE_STDLIB_H 1
| #define HAVE_STRING_H 1
| #define HAVE_MEMORY_H 1
| #define HAVE_STRINGS_H 1
| #define HAVE_INTTYPES_H 1
| #define HAVE_STDINT_H 1
| #define HAVE_UNISTD_H 1
| #define __EXTENSIONS__ 1
| #define _POSIX_PTHREAD_SEMANTICS 1
| #define _TANDEM_SOURCE 1
| #define HAVE_DECL_STRERROR_R 1
| #define HAVE_STRERROR_R 1
| #define HAVE_FCNTL_H 1
| #define HAVE_SYS_TIME_H 1
| #define HAVE_STDLIB_H 1
| #define HAVE_SYS_STAT_H 1
| #define HAVE_TIME_H 1
| #define HAVE_UNISTD_H 1
| #define HAVE_UTIME_H 1
| #define HAVE_LIMITS_H 1
| #define HAVE_MEMORY_H 1
| #define HAVE_GETOPT_H 1
| #define HAVE_GETOPT_LONG_ONLY 1
| #define HAVE_DECL_GETENV 1
| #define HAVE__BOOL 1
| #define HAVE_STDBOOL_H 1
| #define HAVE_LSTAT 1
| #define HAVE_PIPE 1
| #define HAVE_FUTIMES 1
| #define HAVE_CHOWN 1
| #define HAVE_FCHMOD 1
| #define HAVE_FCHOWN 1
| #define HAVE_FDOPENDIR 1
| #define HAVE_SIGINTERRUPT 1
| #define ABSOLUTE_SYS_TIME_H "///usr/include/x86_64-linux-gnu/sys/time.h"
| #define ABSOLUTE_TIME_H "///usr/include/time.h"
| #define HAVE_STRUCT_UTIMBUF 1
| #define HAVE_WORKING_O_NOATIME 0
| #define HAVE_WORKING_O_NOFOLLOW 0
| #define ABSOLUTE_FCNTL_H "///usr/include/fcntl.h"
| #define GNULIB_FCNTL_SAFER 1
| #define __GETOPT_PREFIX rpl_
| /* end confdefs.h.  */
| #include <sys/types.h>
|      #include <sys/stat.h>
| 
| int
| main ()
| {
| static struct stat ac_aggr;
| if (sizeof ac_aggr.st_atim.tv_nsec)
| return 0;
|   ;
|   return 0;
| }
configure:7780: result: no
configure:7856: checking for struct stat.st_atimespec.tv_nsec
configure:7886: /Library/Developer/Toolchains/Default.xctoolchain/usr/bin/clang -c --sysroot=/Library/Developer/Platforms/ravynOS.platform/Developer/SDKs/ravynOS.sdk -mmacos-version-min=10.15  conftest.c >&5
configure:7892: $? = 0
configure:7951: result: yes
configure:8188: checking for struct stat.st_birthtimespec.tv_nsec
configure:8218: /Library/Developer/Toolchains/Default.xctoolchain/usr/bin/clang -c --sysroot=/Library/Developer/Platforms/ravynOS.platform/Developer/SDKs/ravynOS.sdk -mmacos-version-min=10.15  conftest.c >&5
configure:8224: $? = 0
configure:8283: result: yes
configure:8530: checking absolute name of <stdlib.h>
configure:8554: result: ///usr/include/stdlib.h
configure:8572: checking whether mkdir is declared
configure:8602: /Library/Developer/Toolchains/Default.xctoolchain/usr/bin/clang -c --sysroot=/Library/Developer/Platforms/ravynOS.platform/Developer/SDKs/ravynOS.sdk -mmacos-version-min=10.15  conftest.c >&5
configure:8608: $? = 0
configure:8623: result: yes
configure:8789: checking absolute name of <sys/stat.h>
configure:8813: result: ///usr/include/x86_64-linux-gnu/sys/stat.h
configure:8825: checking for a thread-safe mkdir -p
configure:8864: result: /usr/bin/mkdir -p
configure:8870: checking for a thread-safe mkdir -p
configure:8909: result: /usr/bin/mkdir -p
configure:8926: checking absolute name of <unistd.h>
configure:8950: result: ///usr/include/unistd.h
configure:9020: checking for underline in external names
configure:9047: /Library/Developer/Toolchains/Default.xctoolchain/usr/bin/clang -c --sysroot=/Library/Developer/Platforms/ravynOS.platform/Developer/SDKs/ravynOS.sdk -mmacos-version-min=10.15  conftest.c >&5
configure:9053: $? = 0
configure:9069: result: no
configure:9080: checking for an assembler syntax supported by this package
configure:9110: result: no
configure:9132: checking for library containing strerror
configure:9173: /Library/Developer/Toolchains/Default.xctoolchain/usr/bin/clang -o conftest --sysroot=/Library/Developer/Platforms/ravynOS.platform/Developer/SDKs/ravynOS.sdk -mmacos-version-min=10.15  --sysroot=/Library/Developer/Platforms/ravynOS.platform/Developer/SDKs/ravynOS.sdk -mmacos-version-min=10.15 -fuse-ld=/Library/Developer/Toolchains/Default.xctoolchain/usr/bin/ld64 conftest.c  >&5
conftest.c:69:6: warning: incompatible redeclaration of library function 'strerror' [-Wincompatible-library-redeclaration]
   69 | char strerror ();
      |      ^
conftest.c:69:6: note: 'strerror' is a builtin with type 'char *(int)'
1 warning generated.
configure:9179: $? = 0
configure:9207: result: none required
configure:9215: checking for an ANSI C-conforming const
configure:9290: /Library/Developer/Toolchains/Default.xctoolchain/usr/bin/clang -c --sysroot=/Library/Developer/Platforms/ravynOS.platform/Developer/SDKs/ravynOS.sdk -mmacos-version-min=10.15  conftest.c >&5
configure:9296: $? = 0
configure:9311: result: yes
configure:9321: checking for ANSI C header files
configure:9485: result: yes
configure:9545: checking for dirent.h that defines DIR
configure:9574: /Library/Developer/Toolchains/Default.xctoolchain/usr/bin/clang -c --sysroot=/Library/Developer/Platforms/ravynOS.platform/Developer/SDKs/ravynOS.sdk -mmacos-version-min=10.15  conftest.c >&5
configure:9580: $? = 0
configure:9596: result: yes
configure:9609: checking for library containing opendir
configure:9650: /Library/Developer/Toolchains/Default.xctoolchain/usr/bin/clang -o conftest --sysroot=/Library/Developer/Platforms/ravynOS.platform/Developer/SDKs/ravynOS.sdk -mmacos-version-min=10.15  --sysroot=/Library/Developer/Platforms/ravynOS.platform/Developer/SDKs/ravynOS.sdk -mmacos-version-min=10.15 -fuse-ld=/Library/Developer/Toolchains/Default.xctoolchain/usr/bin/ld64 conftest.c  >&5
configure:9656: $? = 0
configure:9684: result: none required
configure:9778: checking return type of signal handlers
configure:9806: /Library/Developer/Toolchains/Default.xctoolchain/usr/bin/clang -c --sysroot=/Library/Developer/Platforms/ravynOS.platform/Developer/SDKs/ravynOS.sdk -mmacos-version-min=10.15  conftest.c >&5
conftest.c:70:8: error: indirection requires pointer operand ('void' invalid)
   70 | return *(signal (0, 0)) (0) == 1;
      |        ^~~~~~~~~~~~~~~~~~~~
1 error generated.
configure:9812: $? = 1
configure: failed program was:
| /* confdefs.h.  */
| #define PACKAGE_NAME "gzip"
| #define PACKAGE_TARNAME "gzip"
| #define PACKAGE_VERSION "1.3.12"
| #define PACKAGE_STRING "gzip 1.3.12"
| #define PACKAGE_BUGREPORT "bug-gzip@gnu.org"
| #define PACKAGE "gzip"
| #define VERSION "1.3.12"
| #define _GNU_SOURCE 1
| #define STDC_HEADERS 1
| #define HAVE_SYS_TYPES_H 1
| #define HAVE_SYS_STAT_H 1
| #define HAVE_STDLIB_H 1
| #define HAVE_STRING_H 1
| #define HAVE_MEMORY_H 1
| #define HAVE_STRINGS_H 1
| #define HAVE_INTTYPES_H 1
| #define HAVE_STDINT_H 1
| #define HAVE_UNISTD_H 1
| #define __EXTENSIONS__ 1
| #define _POSIX_PTHREAD_SEMANTICS 1
| #define _TANDEM_SOURCE 1
| #define HAVE_DECL_STRERROR_R 1
| #define HAVE_STRERROR_R 1
| #define HAVE_FCNTL_H 1
| #define HAVE_SYS_TIME_H 1
| #define HAVE_STDLIB_H 1
| #define HAVE_SYS_STAT_H 1
| #define HAVE_TIME_H 1
| #define HAVE_UNISTD_H 1
| #define HAVE_UTIME_H 1
| #define HAVE_LIMITS_H 1
| #define HAVE_MEMORY_H 1
| #define HAVE_GETOPT_H 1
| #define HAVE_GETOPT_LONG_ONLY 1
| #define HAVE_DECL_GETENV 1
| #define HAVE__BOOL 1
| #define HAVE_STDBOOL_H 1
| #define HAVE_LSTAT 1
| #define HAVE_PIPE 1
| #define HAVE_FUTIMES 1
| #define HAVE_CHOWN 1
| #define HAVE_FCHMOD 1
| #define HAVE_FCHOWN 1
| #define HAVE_FDOPENDIR 1
| #define HAVE_SIGINTERRUPT 1
| #define ABSOLUTE_SYS_TIME_H "///usr/include/x86_64-linux-gnu/sys/time.h"
| #define ABSOLUTE_TIME_H "///usr/include/time.h"
| #define HAVE_STRUCT_UTIMBUF 1
| #define HAVE_WORKING_O_NOATIME 0
| #define HAVE_WORKING_O_NOFOLLOW 0
| #define ABSOLUTE_FCNTL_H "///usr/include/fcntl.h"
| #define GNULIB_FCNTL_SAFER 1
| #define __GETOPT_PREFIX rpl_
| #define HAVE_STRUCT_STAT_ST_ATIMESPEC_TV_NSEC 1
| #define HAVE_STRUCT_STAT_ST_BIRTHTIMESPEC_TV_NSEC 1
| #define ABSOLUTE_STDLIB_H "///usr/include/stdlib.h"
| #define HAVE_DECL_MKDIR 1
| #define ABSOLUTE_SYS_STAT_H "///usr/include/x86_64-linux-gnu/sys/stat.h"
| #define ABSOLUTE_UNISTD_H "///usr/include/unistd.h"
| #define STDC_HEADERS 1
| #define HAVE_DIRENT_H 1
| /* end confdefs.h.  */
| #include <sys/types.h>
| #include <signal.h>
| 
| int
| main ()
| {
| return *(signal (0, 0)) (0) == 1;
|   ;
|   return 0;
| }
configure:9827: result: void
configure:9835: checking for size_t
configure:9865: /Library/Developer/Toolchains/Default.xctoolchain/usr/bin/clang -c --sysroot=/Library/Developer/Platforms/ravynOS.platform/Developer/SDKs/ravynOS.sdk -mmacos-version-min=10.15  conftest.c >&5
configure:9871: $? = 0
configure:9886: result: yes
configure:9898: checking for off_t
configure:9928: /Library/Developer/Toolchains/Default.xctoolchain/usr/bin/clang -c --sysroot=/Library/Developer/Platforms/ravynOS.platform/Developer/SDKs/ravynOS.sdk -mmacos-version-min=10.15  conftest.c >&5
configure:9934: $? = 0
configure:9949: result: yes
configure:10186: creating ./config.status

## ---------------------- ##
## Running config.status. ##
## ---------------------- ##

This file was extended by gzip config.status 1.3.12, which was
generated by GNU Autoconf 2.61.  Invocation command line was

  CONFIG_FILES    = 
  CONFIG_HEADERS  = 
  CONFIG_LINKS    = 
  CONFIG_COMMANDS = 
  $ ./config.status 

on naga

config.status:697: creating Makefile
config.status:697: creating doc/Makefile
config.status:697: creating lib/Makefile
config.status:697: creating lib/config.h
config.status:1022: executing depfiles commands

## ---------------- ##
## Cache variables. ##
## ---------------- ##

ac_cv_c_compiler_gnu=yes
ac_cv_c_const=yes
ac_cv_c_inline=inline
ac_cv_c_restrict=restrict
ac_cv_env_CC_set=set
ac_cv_env_CC_value=/Library/Developer/Toolchains/Default.xctoolchain/usr/bin/clang
ac_cv_env_CFLAGS_set=set
ac_cv_env_CFLAGS_value='--sysroot=/Library/Developer/Platforms/ravynOS.platform/Developer/SDKs/ravynOS.sdk -mmacos-version-min=10.15'
ac_cv_env_CPPFLAGS_set=
ac_cv_env_CPPFLAGS_value=
ac_cv_env_CPP_set=
ac_cv_env_CPP_value=
ac_cv_env_LDFLAGS_set=set
ac_cv_env_LDFLAGS_value='--sysroot=/Library/Developer/Platforms/ravynOS.platform/Developer/SDKs/ravynOS.sdk -mmacos-version-min=10.15 -fuse-ld=/Library/Developer/Toolchains/Default.xctoolchain/usr/bin/ld64'
ac_cv_env_LIBS_set=
ac_cv_env_LIBS_value=
ac_cv_env_build_alias_set=set
ac_cv_env_build_alias_value=x86_64-unknown-linux
ac_cv_env_host_alias_set=set
ac_cv_env_host_alias_value=x86_64-apple-darwin19
ac_cv_env_target_alias_set=
ac_cv_env_target_alias_value=
ac_cv_func_chown=yes
ac_cv_func_fchmod=yes
ac_cv_func_fchown=yes
ac_cv_func_fdopendir=yes
ac_cv_func_futimes=yes
ac_cv_func_futimesat=no
ac_cv_func_getopt_long_only=yes
ac_cv_func_lstat=yes
ac_cv_func_pipe=yes
ac_cv_func_siginterrupt=yes
ac_cv_func_strerror_r=yes
ac_cv_func_strerror_r_char_p=no
ac_cv_have_decl_getenv=yes
ac_cv_have_decl_mkdir=yes
ac_cv_have_decl_optreset=yes
ac_cv_have_decl_strerror_r=yes
ac_cv_header_dirent_dirent_h=yes
ac_cv_header_fcntl_h=yes
ac_cv_header_getopt_h=yes
ac_cv_header_inttypes_h=yes
ac_cv_header_limits_h=yes
ac_cv_header_memory_h=yes
ac_cv_header_minix_config_h=no
ac_cv_header_stat_broken=no
ac_cv_header_stdbool_h=yes
ac_cv_header_stdc=yes
ac_cv_header_stdint_h=yes
ac_cv_header_stdlib_h=yes
ac_cv_header_string_h=yes
ac_cv_header_strings_h=yes
ac_cv_header_sys_stat_h=yes
ac_cv_header_sys_time_h=yes
ac_cv_header_sys_types_h=yes
ac_cv_header_time_h=yes
ac_cv_header_unistd_h=yes
ac_cv_header_utime_h=yes
ac_cv_lib_error_at_line=no
ac_cv_member_struct_stat_st_atim_tv_nsec=no
ac_cv_member_struct_stat_st_atimespec_tv_nsec=yes
ac_cv_member_struct_stat_st_birthtimespec_tv_nsec=yes
ac_cv_objext=o
ac_cv_path_EGREP='/usr/bin/grep -E'
ac_cv_path_GREP=/usr/bin/grep
ac_cv_path_install='/usr/bin/install -c'
ac_cv_path_mkdir=/usr/bin/mkdir
ac_cv_path_shell=/bin/sh
ac_cv_prog_AWK=gawk
ac_cv_prog_CC=/Library/Developer/Toolchains/Default.xctoolchain/usr/bin/clang
ac_cv_prog_CPP=/lib/cpp
ac_cv_prog_ac_ct_NM=nm
ac_cv_prog_ac_ct_RANLIB=ranlib
ac_cv_prog_ac_ct_STRIP=strip
ac_cv_prog_cc__Library_Developer_Toolchains_Default_xctoolchain_usr_bin_clang_c_o=yes
ac_cv_prog_cc_c89=
ac_cv_prog_cc_c99=
ac_cv_prog_cc_g=yes
ac_cv_prog_cc_stdc=
ac_cv_prog_make_make_set=yes
ac_cv_safe_to_define___extensions__=yes
ac_cv_search_opendir='none required'
ac_cv_search_strerror='none required'
ac_cv_sys_file_offset_bits=no
ac_cv_sys_largefile_CC=no
ac_cv_type__Bool=yes
ac_cv_type_off_t=yes
ac_cv_type_signal=void
ac_cv_type_size_t=yes
am_cv_CC_dependencies_compiler_type=gcc3
gl_cv_absolute_fcntl_h=///usr/include/fcntl.h
gl_cv_absolute_stdlib_h=///usr/include/stdlib.h
gl_cv_absolute_sys_stat_h=///usr/include/x86_64-linux-gnu/sys/stat.h
gl_cv_absolute_sys_time_h=///usr/include/x86_64-linux-gnu/sys/time.h
gl_cv_absolute_time_h=///usr/include/time.h
gl_cv_absolute_unistd_h=///usr/include/unistd.h
gl_cv_c_inline_effective=no
gl_cv_func_working_utimes=no
gl_cv_header_working_fcntl_h=cross-compiling
gl_cv_sys_struct_timespec_in_time_h=yes
gl_cv_sys_struct_timeval=yes
gl_cv_sys_struct_utimbuf=yes
gzip_cv_assembler=no
gzip_cv_underline=no

## ----------------- ##
## Output variables. ##
## ----------------- ##

ABSOLUTE_FCNTL_H='"///usr/include/fcntl.h"'
ABSOLUTE_STDLIB_H='"///usr/include/stdlib.h"'
ABSOLUTE_SYS_STAT_H='"///usr/include/x86_64-linux-gnu/sys/stat.h"'
ABSOLUTE_SYS_TIME_H='"///usr/include/x86_64-linux-gnu/sys/time.h"'
ABSOLUTE_TIME_H='"///usr/include/time.h"'
ABSOLUTE_UNISTD_H='"///usr/include/unistd.h"'
ACLOCAL='${SHELL} /nest/ravynos/BSD/lib/gzip/src/build-aux/missing --run aclocal-1.10'
AMDEPBACKSLASH='\'
AMDEP_FALSE='#'
AMDEP_TRUE=''
AMTAR='${SHELL} /nest/ravynos/BSD/lib/gzip/src/build-aux/missing --run tar'
ASCPPFLAGS='-DNO_UNDERLINE'
ASCPPPOST='sed '\''/^ *#/d; s,//.*,,; s/% /%/g; s/\. /./g'\'''
ASFLAGS_config=''
AUTOCONF='${SHELL} /nest/ravynos/BSD/lib/gzip/src/build-aux/missing --run autoconf'
AUTOHEADER='${SHELL} /nest/ravynos/BSD/lib/gzip/src/build-aux/missing --run autoheader'
AUTOMAKE='${SHELL} /nest/ravynos/BSD/lib/gzip/src/build-aux/missing --run automake-1.10'
AWK='gawk'
CC='/Library/Developer/Toolchains/Default.xctoolchain/usr/bin/clang'
CCDEPMODE='depmode=gcc3'
CFLAGS='--sysroot=/Library/Developer/Platforms/ravynOS.platform/Developer/SDKs/ravynOS.sdk -mmacos-version-min=10.15'
CPP='/lib/cpp'
CPPFLAGS=''
CYGPATH_W='echo'
DEFS='-DHAVE_CONFIG_H'
DEPDIR='.deps'
ECHO_C=''
ECHO_N='-n'
ECHO_T=''
EGREP='/usr/bin/grep -E'
EXEEXT=''
FCNTL_H='fcntl.h'
GETOPT_H='getopt.h'
GL_COND_LIBTOOL_FALSE=''
GL_COND_LIBTOOL_TRUE='#'
GNULIB_CHOWN='0'
GNULIB_DUP2='0'
GNULIB_FCHDIR='0'
GNULIB_FTRUNCATE='0'
GNULIB_GETCWD='0'
GNULIB_GETLOGIN_R='0'
GNULIB_GETSUBOPT='0'
GNULIB_MKDTEMP='0'
GNULIB_MKSTEMP='0'
GNULIB_READLINK='0'
GREP='/usr/bin/grep'
HAVE_DECL_GETLOGIN_R='1'
HAVE_DUP2='1'
HAVE_FTRUNCATE='1'
HAVE_GETSUBOPT='1'
HAVE_MKDTEMP='1'
HAVE_READLINK='1'
HAVE_STRUCT_TIMEVAL='1'
HAVE_SYS_TIME_H='1'
HAVE_UNISTD_H='1'
HAVE__BOOL='1'
INSTALL_DATA='${INSTALL} -m 644'
INSTALL_PROGRAM='${INSTALL}'
INSTALL_SCRIPT='${INSTALL}'
INSTALL_STRIP_PROGRAM='$(install_sh) -c -s'
LDFLAGS='--sysroot=/Library/Developer/Platforms/ravynOS.platform/Developer/SDKs/ravynOS.sdk -mmacos-version-min=10.15 -fuse-ld=/Library/Developer/Toolchains/Default.xctoolchain/usr/bin/ld64'
LIBGZIP_LIBDEPS=''
LIBGZIP_LTLIBDEPS=''
LIBINTL=''
LIBOBJS=''
LIBS=''
LN_S='ln -s'
LTLIBINTL=''
LTLIBOBJS=''
MAKEINFO='${SHELL} /nest/ravynos/BSD/lib/gzip/src/build-aux/missing --run makeinfo'
NM='nm'
OBJEXT='o'
PACKAGE='gzip'
PACKAGE_BUGREPORT='bug-gzip@gnu.org'
PACKAGE_NAME='gzip'
PACKAGE_STRING='gzip 1.3.12'
PACKAGE_TARNAME='gzip'
PACKAGE_VERSION='1.3.12'
PATH_SEPARATOR=':'
RANLIB='ranlib'
REPLACE_CHOWN='0'
REPLACE_FCHDIR='0'
REPLACE_GETCWD='0'
REPLACE_GETTIMEOFDAY='0'
REPLACE_LOCALTIME_R='GNULIB_PORTCHECK'
REPLACE_MKSTEMP='0'
REPLACE_NANOSLEEP='GNULIB_PORTCHECK'
REPLACE_STRPTIME='GNULIB_PORTCHECK'
REPLACE_TIMEGM='GNULIB_PORTCHECK'
SET_MAKE=''
SHELL='/bin/sh'
STDBOOL_H=''
STRIP='strip'
SYS_STAT_H='sys/stat.h'
SYS_TIME_H=''
SYS_TIME_H_DEFINES_STRUCT_TIMESPEC='0'
TIME_H_DEFINES_STRUCT_TIMESPEC='1'
VERSION='1.3.12'
ac_ct_CC=''
ac_prefix_program=''
am__fastdepCC_FALSE='#'
am__fastdepCC_TRUE=''
am__include='include'
am__isrc=''
am__leading_dot='.'
am__quote=''
am__tar='${AMTAR} chof - "$$tardir"'
am__untar='${AMTAR} xf -'
bindir='${exec_prefix}/bin'
build_alias='x86_64-unknown-linux'
datadir='${datarootdir}'
datarootdir='${prefix}/share'
docdir='${datarootdir}/doc/${PACKAGE_TARNAME}'
dvidir='${docdir}'
exec_prefix='${prefix}'
gl_LIBOBJS=' creat-safer.o dup-safer.o error.o exitfail.o fd-safer.o getopt.o getopt1.o open-safer.o pipe-safer.o utimens.o xmalloc.o yesno.o'
gl_LTLIBOBJS=' creat-safer.lo dup-safer.lo error.lo exitfail.lo fd-safer.lo getopt.lo getopt1.lo open-safer.lo pipe-safer.lo utimens.lo xmalloc.lo yesno.lo'
host_alias='x86_64-apple-darwin19'
htmldir='${docdir}'
includedir='${prefix}/include'
infodir='${datarootdir}/info'
install_sh='$(SHELL) /nest/ravynos/BSD/lib/gzip/src/build-aux/install-sh'
libdir='${exec_prefix}/lib'
libexecdir='${exec_prefix}/libexec'
localedir='${datarootdir}/locale'
localstatedir='/private/var'
mandir='${datarootdir}/man'
mkdir_p='/usr/bin/mkdir -p'
oldincludedir='/usr/include'
pdfdir='${docdir}'
prefix='/usr'
program_transform_name='s,x,x,'
psdir='${docdir}'
sbindir='${exec_prefix}/sbin'
sharedstatedir='${prefix}/com'
sysconfdir='/private/etc'
target_alias=''

## ----------- ##
## confdefs.h. ##
## ----------- ##

#define PACKAGE_NAME "gzip"
#define PACKAGE_TARNAME "gzip"
#define PACKAGE_VERSION "1.3.12"
#define PACKAGE_STRING "gzip 1.3.12"
#define PACKAGE_BUGREPORT "bug-gzip@gnu.org"
#define PACKAGE "gzip"
#define VERSION "1.3.12"
#define _GNU_SOURCE 1
#define STDC_HEADERS 1
#define HAVE_SYS_TYPES_H 1
#define HAVE_SYS_STAT_H 1
#define HAVE_STDLIB_H 1
#define HAVE_STRING_H 1
#define HAVE_MEMORY_H 1
#define HAVE_STRINGS_H 1
#define HAVE_INTTYPES_H 1
#define HAVE_STDINT_H 1
#define HAVE_UNISTD_H 1
#define __EXTENSIONS__ 1
#define _POSIX_PTHREAD_SEMANTICS 1
#define _TANDEM_SOURCE 1
#define HAVE_DECL_STRERROR_R 1
#define HAVE_STRERROR_R 1
#define HAVE_FCNTL_H 1
#define HAVE_SYS_TIME_H 1
#define HAVE_STDLIB_H 1
#define HAVE_SYS_STAT_H 1
#define HAVE_TIME_H 1
#define HAVE_UNISTD_H 1
#define HAVE_UTIME_H 1
#define HAVE_LIMITS_H 1
#define HAVE_MEMORY_H 1
#define HAVE_GETOPT_H 1
#define HAVE_GETOPT_LONG_ONLY 1
#define HAVE_DECL_GETENV 1
#define HAVE__BOOL 1
#define HAVE_STDBOOL_H 1
#define HAVE_LSTAT 1
#define HAVE_PIPE 1
#define HAVE_FUTIMES 1
#define HAVE_CHOWN 1
#define HAVE_FCHMOD 1
#define HAVE_FCHOWN 1
#define HAVE_FDOPENDIR 1
#define HAVE_SIGINTERRUPT 1
#define ABSOLUTE_SYS_TIME_H "///usr/include/x86_64-linux-gnu/sys/time.h"
#define ABSOLUTE_TIME_H "///usr/include/time.h"
#define HAVE_STRUCT_UTIMBUF 1
#define HAVE_WORKING_O_NOATIME 0
#define HAVE_WORKING_O_NOFOLLOW 0
#define ABSOLUTE_FCNTL_H "///usr/include/fcntl.h"
#define GNULIB_FCNTL_SAFER 1
#define __GETOPT_PREFIX rpl_
#define HAVE_STRUCT_STAT_ST_ATIMESPEC_TV_NSEC 1
#define HAVE_STRUCT_STAT_ST_BIRTHTIMESPEC_TV_NSEC 1
#define ABSOLUTE_STDLIB_H "///usr/include/stdlib.h"
#define HAVE_DECL_MKDIR 1
#define ABSOLUTE_SYS_STAT_H "///usr/include/x86_64-linux-gnu/sys/stat.h"
#define ABSOLUTE_UNISTD_H "///usr/include/unistd.h"
#define STDC_HEADERS 1
#define HAVE_DIRENT_H 1
#define RETSIGTYPE void

configure: exit 0
